Node,Subnetwork_partition
phenoB,pheno_0
phenoD,pheno_1
phenoC,pheno_1
phenoA,pheno_0
geneE,gene_0
geneG,gene_0
geneF,gene_0
