PUC: 36.11%
Mean degree: 4.857142857142857
Edges in network over the edges in a full graph: 0.81
Positive:negative edge ratio: 0.8888888888888888

Expected positive:negative edge ratio in full graph: 1.1
Deviation from expected positive:negative edge ratio in full graph: -0.19

Number of positive nodes: 2
Number of negative nodes: 5
Number of total nodes: 7

Number of positive edges: 8
Number of negative edges: 9
Number of total edges: 17
