Node,Subnetwork_partition
phenoB,pheno_0
phenoD,pheno_0
phenoC,pheno_0
phenoA,pheno_0
geneF,gene_0
geneG,gene_0
geneE,gene_0
