
### Subnetwork properties ###
pheno_mean_degree	2.0
gene_mean_degree	2.0
