PUC: 48.42%
Mean degree: 10.987654320987655
Edges in network over the edges in a full graph: 0.14
Positive:negative edge ratio: 4.493827160493828

Expected positive:negative edge ratio in full graph: 1.5
Deviation from expected positive:negative edge ratio in full graph: 2.0

Number of positive nodes: 22
Number of negative nodes: 59
Number of total nodes: 81

Number of positive edges: 364
Number of negative edges: 81
Number of total edges: 445
