name	120min glucose	Body weight	GTT-AUC	HOMA-IR	OTU_1129461	OTU_129394	OTU_134762	OTU_166911	OTU_170950	OTU_174320	OTU_176154	OTU_179703	OTU_180362	OTU_182712	OTU_182764	OTU_185177	OTU_185222	OTU_187233	OTU_187962	OTU_188225	OTU_1902400	OTU_191067	OTU_191274	OTU_191616	OTU_191811	OTU_193064	OTU_193672	OTU_194151	OTU_196191	OTU_197099	OTU_198194	OTU_198209	OTU_1995182	OTU_203713	OTU_206324	OTU_229452	OTU_230268	OTU_259506	OTU_259993	OTU_261016	OTU_261132	OTU_261142	OTU_261590	OTU_262104	OTU_264155	OTU_264225	OTU_264734	OTU_264846	OTU_265011	OTU_266946	OTU_268063	OTU_268492	OTU_269037	OTU_270200	OTU_272092	OTU_272758	OTU_272889	OTU_273737	OTU_288680	OTU_297143	OTU_309916	OTU_320249	OTU_324013	OTU_324888	OTU_331013	OTU_344703	OTU_346804	OTU_349246	OTU_4345268	OTU_4448052	OTU_445144	OTU_4468805	OTU_460611	OTU_539647	OTU_549756	OTU_631764	fasting glucose from GTT	fasting glucose from HOMA serum	fasting insulin	fasting leptin	fed glucose	
Node_degrees	6	3	4	11	17	14	6	11	11	8	8	13	11	15	12	14	10	11	8	2	18	3	10	10	10	17	12	9	17	14	4	6	11	8	12	12	6	25	12	12	18	16	10	15	17	6	2	10	11	12	17	27	13	10	17	11	24	15	1	8	6	14	5	9	14	14	15	21	10	16	2	10	11	20	11	8	4	4	3	9	1	
Node_strength	6	3	4	11	17	14	6	11	11	8	8	13	11	15	12	14	10	11	8	2	18	3	10	10	10	17	12	9	17	14	4	6	11	8	12	12	6	25	12	12	18	16	10	15	17	6	2	10	11	12	17	27	13	10	17	11	24	15	1	8	6	14	5	9	14	14	15	21	10	16	2	10	11	20	11	8	4	4	3	9	1	
Node_clustering	0.4	1.0	0.5	0.21818	0.30882	0.36264	0.53333	0.74545	0.30909	0.14286	0.25	0.15385	0.47273	0.2381	0.66667	0.28571	0.2	0.76364	1.0	0	0.19608	0.33333	0.2	0.2	0.35556	0.36765	0.37879	0.36111	0.25735	0.41758	0.83333	0.86667	0.67273	0.32143	0.33333	0.40909	0.33333	0.26	0.69697	0.33333	0.33333	0.31667	0.46667	0.20952	0.32353	0.2	0	0.37778	0.32727	0.42424	0.33088	0.24217	0.29487	0.46667	0.26471	0.25455	0.25	0.25714	0	0.60714	0.46667	0.2967	0.5	0.97222	0.37363	0.43956	0.32381	0.31905	0.24444	0.25	1.0	0.31111	0.29091	0.35789	0.70909	0.17857	0.66667	0.66667	1.0	0.27778	0	
Node_closeness	0.34783	0.32653	0.2623	0.46243	0.48193	0.46784	0.32	0.40609	0.45977	0.44199	0.36199	0.45714	0.44944	0.5	0.42328	0.4908	0.44444	0.40404	0.35556	0.35714	0.5	0.36364	0.45198	0.44199	0.46243	0.47619	0.43011	0.41237	0.48485	0.45714	0.37559	0.35242	0.39024	0.39024	0.43243	0.45977	0.42328	0.54795	0.42105	0.43956	0.50314	0.47059	0.42328	0.47904	0.49689	0.41026	0.29963	0.47059	0.44444	0.43716	0.4908	0.50955	0.49689	0.42781	0.50955	0.43478	0.52288	0.45714	0.3125	0.35088	0.43478	0.47059	0.32129	0.36697	0.45714	0.45714	0.47337	0.49383	0.43478	0.47619	0.25	0.45455	0.45455	0.5	0.39801	0.41451	0.30888	0.32787	0.32653	0.42553	0.20833	
Eigenvalue_centrality	0.01428	0.00884	0.00178	0.06626	0.17074	0.1582	0.01113	0.07	0.11858	0.08355	0.02519	0.08622	0.12339	0.14395	0.07428	0.13829	0.08603	0.07048	0.04316	0.01487	0.13765	0.02163	0.0766	0.07844	0.11084	0.18076	0.0772	0.04905	0.17326	0.15105	0.04621	0.0248	0.06009	0.03479	0.06196	0.14215	0.06938	0.22641	0.07893	0.12133	0.18644	0.16446	0.06217	0.12948	0.17251	0.05013	0.00325	0.1172	0.10633	0.12259	0.16765	0.24384	0.13803	0.05717	0.15841	0.09346	0.23533	0.14709	0.00532	0.02558	0.06707	0.13859	0.01139	0.04973	0.1513	0.10128	0.14299	0.21904	0.07978	0.14387	0.00156	0.1045	0.09742	0.15646	0.06191	0.05468	0.00516	0.00607	0.00884	0.05228	0.00012	
Betweenness_centrality	0.03324	0.0	0.025	0.09178	0.01461	0.00585	0.01151	0.00379	0.00693	0.00432	0.0192	0.02534	0.00411	0.04706	0.02206	0.02407	0.01078	0.00317	0.0	0.0004	0.06987	0.01398	0.03768	0.00798	0.00737	0.01231	0.01753	0.01955	0.01336	0.00646	3e-05	0.00077	0.0061	0.01951	0.04289	0.00348	0.00258	0.10633	0.00563	0.00969	0.0213	0.02202	0.00973	0.03006	0.04843	0.00442	0.00194	0.01492	0.00473	0.01549	0.0204	0.05953	0.02551	0.0117	0.04474	0.01173	0.04896	0.00881	0.0	0.00516	0.00272	0.01047	0.01436	0.00016	0.00837	0.02344	0.01269	0.01686	0.01253	0.01918	0.0	0.00543	0.01044	0.06166	0.00747	0.02326	0.00691	0.01288	0.0	0.05709	0.0	
Number_second_neighbors	18	11	3	49	44	45	12	30	49	47	25	44	45	52	35	52	45	29	16	25	47	25	48	45	52	42	40	34	45	42	35	21	25	32	42	47	45	46	35	45	49	43	41	46	48	45	9	53	43	43	47	33	55	37	51	42	43	40	9	18	49	46	13	19	40	40	45	40	41	43	5	48	47	44	29	41	9	11	11	42	3	
BiBC	0.17427433299838604	0.0	0.12499999999999889	0.47518425430504735	0.0020375245519767293	0.0	0.005882580943261144	0.0007601162530739995	0.0	0.002442356647033945	0.0015069918665483178	0.005457747000889058	0.0027075263602107666	0.12302649072911233	0.09154735430379286	0.007802828216384488	0.0006080939842932087	0.0005080990996483955	0.0	0.0	0.1455463498191967	0.014084507042253521	0.01616031827016123	0.0004465626531354231	0.0019828129347313414	0.005822630848874211	0.0012227122555761056	0.03285724185043235	0.0007774857729747724	0.0018217947214308932	0.0	0.0	0.022265467101147855	0.011746848209445035	0.018388455580759026	0.0009590519946775128	9.867634928344009e-05	0.23458080238255247	0.0007601162530739995	0.0	0.008664805956590887	0.0002095908786049631	0.0003493463587360301	0.09134926282912421	0.044187784879786564	0.0	0.0	0.008251030075507303	0.0012876846979162017	0.0008483952145923978	0.0069203619118305484	0.01737502163576972	0.07164148352846433	0.012844435441542856	0.10898210293026572	0.0009126369470017033	0.02009465807425385	0.0006987957000098815	0.0	0.0022604877998224785	0.0011008889236269242	0.005520782692974947	0.008201926098992382	0.0	0.004832424227729514	0.00758565054049962	0.0022215221745738177	0.0033847179648315412	0.007314034461469786	0.00830340410441097	0.0	0.00045871284899658035	0.005953682931989552	0.061883891773550595	0.0071001203630311595	0.010090712180113112	0.03388049062447619	0.06662106913876333	0.0	0.30232301926824445	0.0	
