### Subnetwork properties ###
plasma_anthro_mean_degree	2.25
lipid_metab_mean_degree	15.74766355140187
RNAseq_mean_degree	27.516339869281047
